-- The C compiler identification is GNU 13.3.0
-- The CXX compiler identification is GNU 13.3.0
-- Detecting C compiler ABI info
-- Detecting C compiler ABI info - done
-- Check for working C compiler: /usr/bin/cc - skipped
-- Detecting C compile features
-- Detecting C compile features - done
-- Detecting CXX compiler ABI info
-- Detecting CXX compiler ABI info - done
-- Check for working CXX compiler: /usr/bin/c++ - skipped
-- Detecting CXX compile features
-- Detecting CXX compile features - done
-- Found ament_cmake: 2.5.4 (/opt/ros/jazzy/share/ament_cmake/cmake)
-- Found Python3: /usr/bin/python3 (found version "3.12.3") found components: Interpreter 
-- Found ik_solver: 0.0.0 (/home/kalman/projects/ros2_ws/install/ik_solver/share/ik_solver/cmake)
-- Found rosidl_generator_c: 4.6.6 (/opt/ros/jazzy/share/rosidl_generator_c/cmake)
-- Found rosidl_generator_cpp: 4.6.6 (/opt/ros/jazzy/share/rosidl_generator_cpp/cmake)
-- Using all available rosidl_typesupport_c: rosidl_typesupport_fastrtps_c;rosidl_typesupport_introspection_c
-- Using all available rosidl_typesupport_cpp: rosidl_typesupport_fastrtps_cpp;rosidl_typesupport_introspection_cpp
-- Found rmw_implementation_cmake: 7.3.2 (/opt/ros/jazzy/share/rmw_implementation_cmake/cmake)
-- Found rmw_fastrtps_cpp: 8.4.3 (/opt/ros/jazzy/share/rmw_fastrtps_cpp/cmake)
-- Found OpenSSL: /usr/lib/x86_64-linux-gnu/libcrypto.so (found version "3.0.13")  
-- Found FastRTPS: /opt/ros/jazzy/include (Required is at least version "2.13") 
-- Using RMW implementation 'rmw_fastrtps_cpp' as default
-- Find Boost (REQUIRED) ...
-- Checking for module 'yaml-cpp'
--   Found yaml-cpp, version 0.8.0
-- Checking for module 'liblog4cxx'
--   Found liblog4cxx, version 1.1.0
-- Checking for module 'yaml-cpp'
--   Found yaml-cpp, version 0.8.0
-- Found PkgConfig: /usr/bin/pkg-config (found version "1.8.1") 
-- Checking for module 'urdfdom'
--   Found urdfdom, version 4.0.1
-- Configuring done (2.2s)
-- Generating done (0.1s)
-- Build files have been written to: /home/kalman/projects/ros2_ws/src/ur_ik_solver/build/ur_ik_solver
[  3%] [32mBuilding CXX object CMakeFiles/ur3e_ik_solver.dir/src/ur_ik_solver/ur_ik_solver.cpp.o[0m
[ 11%] [32mBuilding CXX object CMakeFiles/ur5_ik_solver.dir/src/ur_ik_solver/ur_ik_solver.cpp.o[0m
[ 11%] [32mBuilding CXX object CMakeFiles/ur3_ik_solver.dir/src/ur_ik_solver/ur_ik_solver.cpp.o[0m
[ 14%] [32mBuilding CXX object CMakeFiles/ur5_ik_solver.dir/src/ur_ik_solver/ur_kinematics/ur_kin.cpp.o[0m
