[0.018s] Invoking command in '/home/kalman/projects/ros2_ws/src/ur_ik_solver/build/ur_ik_solver': CMAKE_PREFIX_PATH=/home/kalman/projects/ros2_ws/install/zed_ros2:/home/kalman/projects/ros2_ws/install/zed_wrapper:/opt/ros/jazzy:/home/kalman/projects/ros2_ws/install/zed_skeleton_kinematics:/home/kalman/projects/ros2_ws/install/zed_skeleton_kinematics_msgs:/home/kalman/projects/ros2_ws/install/velocity_scaling_iso15066:/home/kalman/projects/ros2_ws/install/ur_robotiq_moveit_config:/home/kalman/projects/ros2_ws/install/ur_robotiq_description:/home/kalman/projects/ros2_ws/install/ur_robotiq_bringup:/home/kalman/projects/ros2_ws/install/pose_constraints_planner:/home/kalman/projects/ros2_ws/install/ur_ik_solver:/home/kalman/projects/ros2_ws/install/thor_math:/home/kalman/projects/ros2_ws/install/sharework_cembre_moveit_config:/home/kalman/projects/ros2_ws/install/sharework_cembre_description:/home/kalman/projects/ros2_ws/install/sharework_cembre_bringup:/home/kalman/projects/ros2_ws/install/robotiq_hardware_tests:/home/kalman/projects/ros2_ws/install/robotiq_driver:/home/kalman/projects/ros2_ws/install/serial:/home/kalman/projects/ros2_ws/install/rrr_moveit_config2:/home/kalman/projects/ros2_ws/install/rrr_moveit_config:/home/kalman/projects/ros2_ws/install/rrr_description:/home/kalman/projects/ros2_ws/install/robotiq_description:/home/kalman/projects/ros2_ws/install/robotiq_controllers:/home/kalman/projects/ros2_ws/install/pose_constraints_msgs:/home/kalman/projects/ros2_ws/install/nj-220-27_moveit_config:/home/kalman/projects/ros2_ws/install/nj-220-27_description:/home/kalman/projects/ros2_ws/install/moveit_collision_checker:/home/kalman/projects/ros2_ws/install/kuka_structure_moveit_config:/home/kalman/projects/ros2_ws/install/kuka_structure_description:/home/kalman/projects/ros2_ws/install/kr_50_r2500_moveit_config:/home/kalman/projects/ros2_ws/install/kr_50_r2500_description:/home/kalman/projects/ros2_ws/install/ik_solver_test:/home/kalman/projects/ros2_ws/install/ik_solver:/home/kalman/projects/ros2_ws/install/ik_solver_msgs:/home/kalman/projects/ros2_ws/install/ik_solver_core:/home/kalman/projects/ros2_ws/install/graph_display:/home/kalman/projects/ros2_ws/install/graph_core:/home/kalman/projects/ros2_ws/install/esempio:/home/kalman/projects/ros2_ws/install/cnr_yaml:/home/kalman/projects/ros2_ws/install/cnr_scene_manager:/home/kalman/projects/ros2_ws/install/cnr_tf_named_object_loader:/home/kalman/projects/ros2_ws/install/cnr_scene_manager_msgs:/home/kalman/projects/ros2_ws/install/cnr_param:/home/kalman/projects/ros2_ws/install/cnr_logger:/home/kalman/projects/ros2_ws/install/cnr_class_loader:/home/kalman/projects/ros2_ws/install/battery_cell_moveit_config:/home/kalman/projects/ros2_ws/install/battery_cell_description:/opt/ros/jazzy/opt/gz_sim_vendor:/opt/ros/jazzy/opt/gz_sensors_vendor:/opt/ros/jazzy/opt/gz_physics_vendor:/opt/ros/jazzy/opt/sdformat_vendor:/opt/ros/jazzy/opt/gz_gui_vendor:/opt/ros/jazzy/opt/gz_transport_vendor:/opt/ros/jazzy/opt/gz_rendering_vendor:/opt/ros/jazzy/opt/gz_plugin_vendor:/opt/ros/jazzy/opt/gz_fuel_tools_vendor:/opt/ros/jazzy/opt/gz_msgs_vendor:/opt/ros/jazzy/opt/gz_common_vendor:/opt/ros/jazzy/opt/gz_math_vendor:/opt/ros/jazzy/opt/gz_utils_vendor:/opt/ros/jazzy/opt/gz_tools_vendor:/opt/ros/jazzy/opt/gz_ogre_next_vendor:/opt/ros/jazzy/opt/gz_dartsim_vendor:/opt/ros/jazzy/opt/gz_cmake_vendor DEBUGINFOD_URLS=https://debuginfod.ubuntu.com /usr/bin/cmake /home/kalman/projects/ros2_ws/src/ur_ik_solver -DCMAKE_EXPORT_COMPILE_COMMANDS=ON -DCMAKE_INSTALL_PREFIX=/home/kalman/projects/ros2_ws/src/ur_ik_solver/install/ur_ik_solver
[0.088s] -- The C compiler identification is GNU 13.3.0
[0.148s] -- The CXX compiler identification is GNU 13.3.0
[0.167s] -- Detecting C compiler ABI info
[0.264s] -- Detecting C compiler ABI info - done
[0.274s] -- Check for working C compiler: /usr/bin/cc - skipped
[0.276s] -- Detecting C compile features
[0.276s] -- Detecting C compile features - done
[0.286s] -- Detecting CXX compiler ABI info
[0.389s] -- Detecting CXX compiler ABI info - done
[0.400s] -- Check for working CXX compiler: /usr/bin/c++ - skipped
[0.400s] -- Detecting CXX compile features
[0.401s] -- Detecting CXX compile features - done
[0.416s] [0mur_ik_solver: Building ROS 2 Version[0m
[0.418s] -- Found ament_cmake: 2.5.4 (/opt/ros/jazzy/share/ament_cmake/cmake)
[0.606s] -- Found Python3: /usr/bin/python3 (found version "3.12.3") found components: Interpreter 
[0.725s] -- Found ik_solver: 0.0.0 (/home/kalman/projects/ros2_ws/install/ik_solver/share/ik_solver/cmake)
[0.777s] -- Found rosidl_generator_c: 4.6.6 (/opt/ros/jazzy/share/rosidl_generator_c/cmake)
[0.791s] -- Found rosidl_generator_cpp: 4.6.6 (/opt/ros/jazzy/share/rosidl_generator_cpp/cmake)
[0.811s] -- Using all available rosidl_typesupport_c: rosidl_typesupport_fastrtps_c;rosidl_typesupport_introspection_c
[0.832s] -- Using all available rosidl_typesupport_cpp: rosidl_typesupport_fastrtps_cpp;rosidl_typesupport_introspection_cpp
[0.909s] -- Found rmw_implementation_cmake: 7.3.2 (/opt/ros/jazzy/share/rmw_implementation_cmake/cmake)
[0.913s] -- Found rmw_fastrtps_cpp: 8.4.3 (/opt/ros/jazzy/share/rmw_fastrtps_cpp/cmake)
[1.046s] -- Found OpenSSL: /usr/lib/x86_64-linux-gnu/libcrypto.so (found version "3.0.13")  
[1.071s] -- Found FastRTPS: /opt/ros/jazzy/include (Required is at least version "2.13") 
[1.101s] -- Using RMW implementation 'rmw_fastrtps_cpp' as default
[1.719s] -- Find Boost (REQUIRED) ...
[1.795s] -- Checking for module 'yaml-cpp'
[1.815s] --   Found yaml-cpp, version 0.8.0
[1.869s] -- Checking for module 'liblog4cxx'
[1.894s] --   Found liblog4cxx, version 1.1.0
[1.929s] -- Checking for module 'yaml-cpp'
[1.946s] --   Found yaml-cpp, version 0.8.0
[2.074s] -- Found PkgConfig: /usr/bin/pkg-config (found version "1.8.1") 
[2.075s] -- Checking for module 'urdfdom'
[2.095s] --   Found urdfdom, version 4.0.1
[2.142s] [0mur_ik_solver: Building ROS 2 Version[0m
[2.146s] [0mur_ik_solver: Building ROS 2 Version[0m
[2.150s] [0mur_ik_solver: Building ROS 2 Version[0m
[2.155s] [0mur_ik_solver: Building ROS 2 Version[0m
[2.159s] [0mur_ik_solver: Building ROS 2 Version[0m
[2.164s] [0mur_ik_solver: Building ROS 2 Version[0m
[2.168s] [0mur_ik_solver: Building ROS 2 Version[0m
[2.172s] [0mur_ik_solver: Building ROS 2 Version[0m
[2.274s] -- Configuring done (2.2s)
[2.383s] -- Generating done (0.1s)
[2.413s] -- Build files have been written to: /home/kalman/projects/ros2_ws/src/ur_ik_solver/build/ur_ik_solver
[2.434s] Invoked command in '/home/kalman/projects/ros2_ws/src/ur_ik_solver/build/ur_ik_solver' returned '0': CMAKE_PREFIX_PATH=/home/kalman/projects/ros2_ws/install/zed_ros2:/home/kalman/projects/ros2_ws/install/zed_wrapper:/opt/ros/jazzy:/home/kalman/projects/ros2_ws/install/zed_skeleton_kinematics:/home/kalman/projects/ros2_ws/install/zed_skeleton_kinematics_msgs:/home/kalman/projects/ros2_ws/install/velocity_scaling_iso15066:/home/kalman/projects/ros2_ws/install/ur_robotiq_moveit_config:/home/kalman/projects/ros2_ws/install/ur_robotiq_description:/home/kalman/projects/ros2_ws/install/ur_robotiq_bringup:/home/kalman/projects/ros2_ws/install/pose_constraints_planner:/home/kalman/projects/ros2_ws/install/ur_ik_solver:/home/kalman/projects/ros2_ws/install/thor_math:/home/kalman/projects/ros2_ws/install/sharework_cembre_moveit_config:/home/kalman/projects/ros2_ws/install/sharework_cembre_description:/home/kalman/projects/ros2_ws/install/sharework_cembre_bringup:/home/kalman/projects/ros2_ws/install/robotiq_hardware_tests:/home/kalman/projects/ros2_ws/install/robotiq_driver:/home/kalman/projects/ros2_ws/install/serial:/home/kalman/projects/ros2_ws/install/rrr_moveit_config2:/home/kalman/projects/ros2_ws/install/rrr_moveit_config:/home/kalman/projects/ros2_ws/install/rrr_description:/home/kalman/projects/ros2_ws/install/robotiq_description:/home/kalman/projects/ros2_ws/install/robotiq_controllers:/home/kalman/projects/ros2_ws/install/pose_constraints_msgs:/home/kalman/projects/ros2_ws/install/nj-220-27_moveit_config:/home/kalman/projects/ros2_ws/install/nj-220-27_description:/home/kalman/projects/ros2_ws/install/moveit_collision_checker:/home/kalman/projects/ros2_ws/install/kuka_structure_moveit_config:/home/kalman/projects/ros2_ws/install/kuka_structure_description:/home/kalman/projects/ros2_ws/install/kr_50_r2500_moveit_config:/home/kalman/projects/ros2_ws/install/kr_50_r2500_description:/home/kalman/projects/ros2_ws/install/ik_solver_test:/home/kalman/projects/ros2_ws/install/ik_solver:/home/kalman/projects/ros2_ws/install/ik_solver_msgs:/home/kalman/projects/ros2_ws/install/ik_solver_core:/home/kalman/projects/ros2_ws/install/graph_display:/home/kalman/projects/ros2_ws/install/graph_core:/home/kalman/projects/ros2_ws/install/esempio:/home/kalman/projects/ros2_ws/install/cnr_yaml:/home/kalman/projects/ros2_ws/install/cnr_scene_manager:/home/kalman/projects/ros2_ws/install/cnr_tf_named_object_loader:/home/kalman/projects/ros2_ws/install/cnr_scene_manager_msgs:/home/kalman/projects/ros2_ws/install/cnr_param:/home/kalman/projects/ros2_ws/install/cnr_logger:/home/kalman/projects/ros2_ws/install/cnr_class_loader:/home/kalman/projects/ros2_ws/install/battery_cell_moveit_config:/home/kalman/projects/ros2_ws/install/battery_cell_description:/opt/ros/jazzy/opt/gz_sim_vendor:/opt/ros/jazzy/opt/gz_sensors_vendor:/opt/ros/jazzy/opt/gz_physics_vendor:/opt/ros/jazzy/opt/sdformat_vendor:/opt/ros/jazzy/opt/gz_gui_vendor:/opt/ros/jazzy/opt/gz_transport_vendor:/opt/ros/jazzy/opt/gz_rendering_vendor:/opt/ros/jazzy/opt/gz_plugin_vendor:/opt/ros/jazzy/opt/gz_fuel_tools_vendor:/opt/ros/jazzy/opt/gz_msgs_vendor:/opt/ros/jazzy/opt/gz_common_vendor:/opt/ros/jazzy/opt/gz_math_vendor:/opt/ros/jazzy/opt/gz_utils_vendor:/opt/ros/jazzy/opt/gz_tools_vendor:/opt/ros/jazzy/opt/gz_ogre_next_vendor:/opt/ros/jazzy/opt/gz_dartsim_vendor:/opt/ros/jazzy/opt/gz_cmake_vendor DEBUGINFOD_URLS=https://debuginfod.ubuntu.com /usr/bin/cmake /home/kalman/projects/ros2_ws/src/ur_ik_solver -DCMAKE_EXPORT_COMPILE_COMMANDS=ON -DCMAKE_INSTALL_PREFIX=/home/kalman/projects/ros2_ws/src/ur_ik_solver/install/ur_ik_solver
[2.435s] Invoking command in '/home/kalman/projects/ros2_ws/src/ur_ik_solver/build/ur_ik_solver': CMAKE_PREFIX_PATH=/home/kalman/projects/ros2_ws/install/zed_ros2:/home/kalman/projects/ros2_ws/install/zed_wrapper:/opt/ros/jazzy:/home/kalman/projects/ros2_ws/install/zed_skeleton_kinematics:/home/kalman/projects/ros2_ws/install/zed_skeleton_kinematics_msgs:/home/kalman/projects/ros2_ws/install/velocity_scaling_iso15066:/home/kalman/projects/ros2_ws/install/ur_robotiq_moveit_config:/home/kalman/projects/ros2_ws/install/ur_robotiq_description:/home/kalman/projects/ros2_ws/install/ur_robotiq_bringup:/home/kalman/projects/ros2_ws/install/pose_constraints_planner:/home/kalman/projects/ros2_ws/install/ur_ik_solver:/home/kalman/projects/ros2_ws/install/thor_math:/home/kalman/projects/ros2_ws/install/sharework_cembre_moveit_config:/home/kalman/projects/ros2_ws/install/sharework_cembre_description:/home/kalman/projects/ros2_ws/install/sharework_cembre_bringup:/home/kalman/projects/ros2_ws/install/robotiq_hardware_tests:/home/kalman/projects/ros2_ws/install/robotiq_driver:/home/kalman/projects/ros2_ws/install/serial:/home/kalman/projects/ros2_ws/install/rrr_moveit_config2:/home/kalman/projects/ros2_ws/install/rrr_moveit_config:/home/kalman/projects/ros2_ws/install/rrr_description:/home/kalman/projects/ros2_ws/install/robotiq_description:/home/kalman/projects/ros2_ws/install/robotiq_controllers:/home/kalman/projects/ros2_ws/install/pose_constraints_msgs:/home/kalman/projects/ros2_ws/install/nj-220-27_moveit_config:/home/kalman/projects/ros2_ws/install/nj-220-27_description:/home/kalman/projects/ros2_ws/install/moveit_collision_checker:/home/kalman/projects/ros2_ws/install/kuka_structure_moveit_config:/home/kalman/projects/ros2_ws/install/kuka_structure_description:/home/kalman/projects/ros2_ws/install/kr_50_r2500_moveit_config:/home/kalman/projects/ros2_ws/install/kr_50_r2500_description:/home/kalman/projects/ros2_ws/install/ik_solver_test:/home/kalman/projects/ros2_ws/install/ik_solver:/home/kalman/projects/ros2_ws/install/ik_solver_msgs:/home/kalman/projects/ros2_ws/install/ik_solver_core:/home/kalman/projects/ros2_ws/install/graph_display:/home/kalman/projects/ros2_ws/install/graph_core:/home/kalman/projects/ros2_ws/install/esempio:/home/kalman/projects/ros2_ws/install/cnr_yaml:/home/kalman/projects/ros2_ws/install/cnr_scene_manager:/home/kalman/projects/ros2_ws/install/cnr_tf_named_object_loader:/home/kalman/projects/ros2_ws/install/cnr_scene_manager_msgs:/home/kalman/projects/ros2_ws/install/cnr_param:/home/kalman/projects/ros2_ws/install/cnr_logger:/home/kalman/projects/ros2_ws/install/cnr_class_loader:/home/kalman/projects/ros2_ws/install/battery_cell_moveit_config:/home/kalman/projects/ros2_ws/install/battery_cell_description:/opt/ros/jazzy/opt/gz_sim_vendor:/opt/ros/jazzy/opt/gz_sensors_vendor:/opt/ros/jazzy/opt/gz_physics_vendor:/opt/ros/jazzy/opt/sdformat_vendor:/opt/ros/jazzy/opt/gz_gui_vendor:/opt/ros/jazzy/opt/gz_transport_vendor:/opt/ros/jazzy/opt/gz_rendering_vendor:/opt/ros/jazzy/opt/gz_plugin_vendor:/opt/ros/jazzy/opt/gz_fuel_tools_vendor:/opt/ros/jazzy/opt/gz_msgs_vendor:/opt/ros/jazzy/opt/gz_common_vendor:/opt/ros/jazzy/opt/gz_math_vendor:/opt/ros/jazzy/opt/gz_utils_vendor:/opt/ros/jazzy/opt/gz_tools_vendor:/opt/ros/jazzy/opt/gz_ogre_next_vendor:/opt/ros/jazzy/opt/gz_dartsim_vendor:/opt/ros/jazzy/opt/gz_cmake_vendor DEBUGINFOD_URLS=https://debuginfod.ubuntu.com /usr/bin/cmake --build /home/kalman/projects/ros2_ws/src/ur_ik_solver/build/ur_ik_solver
[2.564s] [  3%] [32mBuilding CXX object CMakeFiles/ur3e_ik_solver.dir/src/ur_ik_solver/ur_ik_solver.cpp.o[0m
[2.572s] [ 11%] [32mBuilding CXX object CMakeFiles/ur5_ik_solver.dir/src/ur_ik_solver/ur_ik_solver.cpp.o[0m
[2.573s] [ 11%] [32mBuilding CXX object CMakeFiles/ur3_ik_solver.dir/src/ur_ik_solver/ur_ik_solver.cpp.o[0m
[9.463s] [01m[K/home/kalman/projects/ros2_ws/src/ur_ik_solver/src/ur_ik_solver/ur_ik_solver.cpp:[m[K In member function ‘[01m[Kvirtual Eigen::Affine3d ik_solver::UrIkSolver::[01;32m[KgetFK[m[K(const ik_solver::Configuration&)[m[K’:
[9.464s] [01m[K/home/kalman/projects/ros2_ws/src/ur_ik_solver/src/ur_ik_solver/ur_ik_solver.cpp:115:47:[m[K [01;31m[Kerror: [m[K‘[01m[KT_ee_flange_T_flange_ee_[m[K’ was not declared in this scope
[9.464s]   115 |   Eigen::Affine3d T_base_flange=T_base_flange*[01;31m[KT_ee_flange_T_flange_ee_[m[K;
[9.464s]       |                                               [01;31m[K^~~~~~~~~~~~~~~~~~~~~~~~[m[K
[9.471s] [01m[K/home/kalman/projects/ros2_ws/src/ur_ik_solver/src/ur_ik_solver/ur_ik_solver.cpp:[m[K In member function ‘[01m[Kvirtual Eigen::Affine3d ik_solver::UrIkSolver::[01;32m[KgetFK[m[K(const ik_solver::Configuration&)[m[K’:
[9.471s] [01m[K/home/kalman/projects/ros2_ws/src/ur_ik_solver/src/ur_ik_solver/ur_ik_solver.cpp:115:47:[m[K [01;31m[Kerror: [m[K‘[01m[KT_ee_flange_T_flange_ee_[m[K’ was not declared in this scope
[9.472s]   115 |   Eigen::Affine3d T_base_flange=T_base_flange*[01;31m[KT_ee_flange_T_flange_ee_[m[K;
[9.472s]       |                                               [01;31m[K^~~~~~~~~~~~~~~~~~~~~~~~[m[K
[9.549s] [01m[K/home/kalman/projects/ros2_ws/src/ur_ik_solver/src/ur_ik_solver/ur_ik_solver.cpp:[m[K In member function ‘[01m[Kvirtual Eigen::Affine3d ik_solver::UrIkSolver::[01;32m[KgetFK[m[K(const ik_solver::Configuration&)[m[K’:
[9.549s] [01m[K/home/kalman/projects/ros2_ws/src/ur_ik_solver/src/ur_ik_solver/ur_ik_solver.cpp:115:47:[m[K [01;31m[Kerror: [m[K‘[01m[KT_ee_flange_T_flange_ee_[m[K’ was not declared in this scope
[9.549s]   115 |   Eigen::Affine3d T_base_flange=T_base_flange*[01;31m[KT_ee_flange_T_flange_ee_[m[K;
[9.549s]       |                                               [01;31m[K^~~~~~~~~~~~~~~~~~~~~~~~[m[K
[13.924s] gmake[2]: *** [CMakeFiles/ur3_ik_solver.dir/build.make:76: CMakeFiles/ur3_ik_solver.dir/src/ur_ik_solver/ur_ik_solver.cpp.o] Error 1
[13.924s] gmake[1]: *** [CMakeFiles/Makefile2:153: CMakeFiles/ur3_ik_solver.dir/all] Error 2
[13.924s] gmake[1]: *** Waiting for unfinished jobs....
[13.933s] gmake[2]: *** [CMakeFiles/ur3e_ik_solver.dir/build.make:76: CMakeFiles/ur3e_ik_solver.dir/src/ur_ik_solver/ur_ik_solver.cpp.o] Error 1
[13.933s] gmake[1]: *** [CMakeFiles/Makefile2:179: CMakeFiles/ur3e_ik_solver.dir/all] Error 2
[13.940s] [ 14%] [32mBuilding CXX object CMakeFiles/ur5_ik_solver.dir/src/ur_ik_solver/ur_kinematics/ur_kin.cpp.o[0m
[14.020s] gmake[2]: *** [CMakeFiles/ur5_ik_solver.dir/build.make:76: CMakeFiles/ur5_ik_solver.dir/src/ur_ik_solver/ur_ik_solver.cpp.o] Error 1
[14.020s] gmake[2]: *** Waiting for unfinished jobs....
[14.436s] gmake[1]: *** [CMakeFiles/Makefile2:205: CMakeFiles/ur5_ik_solver.dir/all] Error 2
[14.436s] gmake: *** [Makefile:146: all] Error 2
[14.443s] Invoked command in '/home/kalman/projects/ros2_ws/src/ur_ik_solver/build/ur_ik_solver' returned '2': CMAKE_PREFIX_PATH=/home/kalman/projects/ros2_ws/install/zed_ros2:/home/kalman/projects/ros2_ws/install/zed_wrapper:/opt/ros/jazzy:/home/kalman/projects/ros2_ws/install/zed_skeleton_kinematics:/home/kalman/projects/ros2_ws/install/zed_skeleton_kinematics_msgs:/home/kalman/projects/ros2_ws/install/velocity_scaling_iso15066:/home/kalman/projects/ros2_ws/install/ur_robotiq_moveit_config:/home/kalman/projects/ros2_ws/install/ur_robotiq_description:/home/kalman/projects/ros2_ws/install/ur_robotiq_bringup:/home/kalman/projects/ros2_ws/install/pose_constraints_planner:/home/kalman/projects/ros2_ws/install/ur_ik_solver:/home/kalman/projects/ros2_ws/install/thor_math:/home/kalman/projects/ros2_ws/install/sharework_cembre_moveit_config:/home/kalman/projects/ros2_ws/install/sharework_cembre_description:/home/kalman/projects/ros2_ws/install/sharework_cembre_bringup:/home/kalman/projects/ros2_ws/install/robotiq_hardware_tests:/home/kalman/projects/ros2_ws/install/robotiq_driver:/home/kalman/projects/ros2_ws/install/serial:/home/kalman/projects/ros2_ws/install/rrr_moveit_config2:/home/kalman/projects/ros2_ws/install/rrr_moveit_config:/home/kalman/projects/ros2_ws/install/rrr_description:/home/kalman/projects/ros2_ws/install/robotiq_description:/home/kalman/projects/ros2_ws/install/robotiq_controllers:/home/kalman/projects/ros2_ws/install/pose_constraints_msgs:/home/kalman/projects/ros2_ws/install/nj-220-27_moveit_config:/home/kalman/projects/ros2_ws/install/nj-220-27_description:/home/kalman/projects/ros2_ws/install/moveit_collision_checker:/home/kalman/projects/ros2_ws/install/kuka_structure_moveit_config:/home/kalman/projects/ros2_ws/install/kuka_structure_description:/home/kalman/projects/ros2_ws/install/kr_50_r2500_moveit_config:/home/kalman/projects/ros2_ws/install/kr_50_r2500_description:/home/kalman/projects/ros2_ws/install/ik_solver_test:/home/kalman/projects/ros2_ws/install/ik_solver:/home/kalman/projects/ros2_ws/install/ik_solver_msgs:/home/kalman/projects/ros2_ws/install/ik_solver_core:/home/kalman/projects/ros2_ws/install/graph_display:/home/kalman/projects/ros2_ws/install/graph_core:/home/kalman/projects/ros2_ws/install/esempio:/home/kalman/projects/ros2_ws/install/cnr_yaml:/home/kalman/projects/ros2_ws/install/cnr_scene_manager:/home/kalman/projects/ros2_ws/install/cnr_tf_named_object_loader:/home/kalman/projects/ros2_ws/install/cnr_scene_manager_msgs:/home/kalman/projects/ros2_ws/install/cnr_param:/home/kalman/projects/ros2_ws/install/cnr_logger:/home/kalman/projects/ros2_ws/install/cnr_class_loader:/home/kalman/projects/ros2_ws/install/battery_cell_moveit_config:/home/kalman/projects/ros2_ws/install/battery_cell_description:/opt/ros/jazzy/opt/gz_sim_vendor:/opt/ros/jazzy/opt/gz_sensors_vendor:/opt/ros/jazzy/opt/gz_physics_vendor:/opt/ros/jazzy/opt/sdformat_vendor:/opt/ros/jazzy/opt/gz_gui_vendor:/opt/ros/jazzy/opt/gz_transport_vendor:/opt/ros/jazzy/opt/gz_rendering_vendor:/opt/ros/jazzy/opt/gz_plugin_vendor:/opt/ros/jazzy/opt/gz_fuel_tools_vendor:/opt/ros/jazzy/opt/gz_msgs_vendor:/opt/ros/jazzy/opt/gz_common_vendor:/opt/ros/jazzy/opt/gz_math_vendor:/opt/ros/jazzy/opt/gz_utils_vendor:/opt/ros/jazzy/opt/gz_tools_vendor:/opt/ros/jazzy/opt/gz_ogre_next_vendor:/opt/ros/jazzy/opt/gz_dartsim_vendor:/opt/ros/jazzy/opt/gz_cmake_vendor DEBUGINFOD_URLS=https://debuginfod.ubuntu.com /usr/bin/cmake --build /home/kalman/projects/ros2_ws/src/ur_ik_solver/build/ur_ik_solver
